// Jest Snapshot v1, https://goo.gl/fbAQLP

exports[`SelectLabels snapshot SelectLabels component 1`] = `
<label
  class="MuiFormLabel-root MuiInputLabel-root MuiInputLabel-formControl MuiInputLabel-sizeMedium MuiInputLabel-outlined MuiFormLabel-colorPrimary MuiInputLabel-root MuiInputLabel-formControl MuiInputLabel-sizeMedium MuiInputLabel-outlined css-176f7eb-MuiFormLabel-root-MuiInputLabel-root"
  data-shrink="false"
>
  + Add Filter
</label>
`;

exports[`renders SelectLabels component 1`] = `
<label
  class="MuiFormLabel-root MuiInputLabel-root MuiInputLabel-formControl MuiInputLabel-sizeMedium MuiInputLabel-outlined MuiFormLabel-colorPrimary MuiInputLabel-root MuiInputLabel-formControl MuiInputLabel-sizeMedium MuiInputLabel-outlined css-176f7eb-MuiFormLabel-root-MuiInputLabel-root"
  data-shrink="false"
>
  + Add Filter
</label>
`;

exports[`snapshot SelectLabels component 1`] = `
<label
  class="MuiFormLabel-root MuiInputLabel-root MuiInputLabel-formControl MuiInputLabel-sizeMedium MuiInputLabel-outlined MuiFormLabel-colorPrimary MuiInputLabel-root MuiInputLabel-formControl MuiInputLabel-sizeMedium MuiInputLabel-outlined css-176f7eb-MuiFormLabel-root-MuiInputLabel-root"
  data-shrink="false"
>
  + Add Filter
</label>
`;
